SUSPICIOUS TRANSACTION REPORT (STR)
Issued under: CBK AML/CFT Law No. 106 of 2013 and its Executive Regulations

══════════════════════════════════════════════════════════════
SECTION 1 — REPORTING ENTITY INFORMATION
══════════════════════════════════════════════════════════════
Reporting Institution:    Al-Tawoos International Exchange Co.
License Number:           EC-106-2013
Branch:                   Salmiya Branch
Report Date:              01/06/2026 01:59 UTC
Report Reference:         STR-SAL-20260601-5557
Compliance Officer:       EagleEyes AML Agent v1.0
Contact:                  compliance@eagleeyes.internal

══════════════════════════════════════════════════════════════
SECTION 2 — SUBJECT OF REPORT (SENDER)
══════════════════════════════════════════════════════════════
Full Name:                Mahmoud Al-Masri
ID Type:                  Civil ID
ID Number:                290051214012
Nationality:              Egypt
Customer Type:            Resident
Residency Article:        Article 18 - Private Sector Employee
Date of Birth:            12/05/1990
Phone Number:             +965 99887766
Address:                  Block 4, Street 12, Floor 3, Salmiya, Kuwait
Monthly Declared Income:  320.000 KD
PEP Status:               No

══════════════════════════════════════════════════════════════
SECTION 3 — TRANSACTION DETAILS
══════════════════════════════════════════════════════════════
Transaction Reference:    TXN554433221
Transaction Date:         28/05/2026 14:30 UTC
Amount (Original):        1,500.00 USD
Amount (KD Equivalent):   460.500 KD
Receiving Bank:           National Bank of Egypt
Recipient Name:           Ghada Al-Masri
Recipient Country:        Egypt
Recipient Account:        ACC-EG-998877
Recipient Type:           Individual
Transaction Purpose:      Family Support and Medical Bill Payment
Proof of Wealth:          Provided
Proof of Relationship:    Provided
Sender is Corporate:      No

══════════════════════════════════════════════════════════════
SECTION 4 — GROUNDS FOR SUSPICION
══════════════════════════════════════════════════════════════
Risk Score:               100.0 / 100
Risk Level:               HIGH

Rules Triggered:
  ► Income Mismatch (Severity: 87/100)
    Reason: Transaction amount (460.500 KD) exceeds declared monthly income (320.000 KD).
    Regulation: FATF Recommendation 10 — Customer Due Diligence (Source of Funds); CBK KYC Requirements Article 8

Multipliers Applied:
  Behavior Multiplier:    1.20x
  Recurrence Multiplier:  1.00x
  Network Multiplier:     1.00x

══════════════════════════════════════════════════════════════
SECTION 5 — HISTORICAL CONTEXT
══════════════════════════════════════════════════════════════
Total Transactions (30 days):     3
Total Amount Sent (30 days):      780.000 KD
Total Amount Sent (This Month):   460.500 KD
Total Amount Sent (This Year):    2,400.000 KD
Prior Alerts (30 days):           1
Prior STRs Filed:                 0

══════════════════════════════════════════════════════════════
SECTION 6 — COMPLIANCE NARRATIVE
══════════════════════════════════════════════════════════════
Mahmoud Al-Masri remitted 460.500 KD to Egypt via National Bank of Egypt, which exceeds his monthly declared income of 320.000 KD. He provided proof of wealth, but the high ratio of remittance to declared income indicates potential undeclared financial activity or structuring behavior, which warrants enhanced due diligence.

══════════════════════════════════════════════════════════════
SECTION 7 — ADDITIONAL INFORMATION REQUIRED
══════════════════════════════════════════════════════════════
  • Salary certificate or letter from employer confirming monthly salary
  • Bank statements for the last 3 months showing salary deposits
  • Explanation/documentation of any additional source of income

══════════════════════════════════════════════════════════════
SECTION 8 — RECOMMENDED ACTION
══════════════════════════════════════════════════════════════
Agent Recommendation:     FILE_STR
Recommended Disposition:  
    → Submit to CBK Financial Intelligence Unit (FIU)
    → Retain all records for minimum 5 years per CBK Circular 2/2014
    → Do not tip off customer (tipping-off prohibition under AML Law Art. 22)
    → Place transaction on internal watchlist

══════════════════════════════════════════════════════════════
SECTION 9 — CERTIFICATION
══════════════════════════════════════════════════════════════
This report was generated automatically by EagleEyes AML Agent v1.0
on 01/06/2026 01:59 UTC. All data is sourced from transaction records and KYC
profiles on file. This report is subject to review and approval by
a licensed compliance officer before submission to any authority.

Generated by: EagleEyes — Self-Improving AML Detection Agent
Powered by: Google Gemini + Arize Phoenix + MongoDB
CBK License Reference: EC-106-2013
══════════════════════════════════════════════════════════════
END OF REPORT
══════════════════════════════════════════════════════════════